$ next build
▲ Next.js 16.3.0 (Turbopack)
✓ Running next.config.ts took 9ms

  Creating an optimized production build ...
✓ Compiled successfully in 2.9s
  Running TypeScript ...
app/(dashboard)/purchase-orders/page.tsx(148,42): error TS2322: Type '{ children: Element; asChild: true; }' is not assignable to type 'IntrinsicAttributes & Props<unknown>'.
  Property 'asChild' does not exist on type 'IntrinsicAttributes & Props<unknown>'.
app/(dashboard)/purchase-orders/page.tsx(154,41): error TS2322: Type '{ children: Element; asChild: true; }' is not assignable to type 'IntrinsicAttributes & MenuItemProps & { inset?: boolean | undefined; variant?: "default" | "destructive" | undefined; }'.
  Property 'asChild' does not exist on type 'IntrinsicAttributes & MenuItemProps & { inset?: boolean | undefined; variant?: "default" | "destructive" | undefined; }'.
app/(dashboard)/vendors/page.tsx(166,44): error TS2322: Type '{ children: Element; asChild: true; }' is not assignable to type 'IntrinsicAttributes & Props<unknown>'.
  Property 'asChild' does not exist on type 'IntrinsicAttributes & Props<unknown>'.
app/(dashboard)/vendors/page.tsx(172,43): error TS2322: Type '{ children: Element; asChild: true; }' is not assignable to type 'IntrinsicAttributes & MenuItemProps & { inset?: boolean | undefined; variant?: "default" | "destructive" | undefined; }'.
  Property 'asChild' does not exist on type 'IntrinsicAttributes & MenuItemProps & { inset?: boolean | undefined; variant?: "default" | "destructive" | undefined; }'.
components/layout/navbar.tsx(64,34): error TS2322: Type '{ children: Element; asChild: true; }' is not assignable to type 'IntrinsicAttributes & Props<unknown>'.
  Property 'asChild' does not exist on type 'IntrinsicAttributes & Props<unknown>'.
components/layout/sidebar.tsx(69,38): error TS2322: Type '{ children: Element[]; key: string; delayDuration: number; }' is not assignable to type 'IntrinsicAttributes & Props<unknown>'.
  Property 'delayDuration' does not exist on type 'IntrinsicAttributes & Props<unknown>'.
components/layout/sidebar.tsx(70,31): error TS2322: Type '{ children: Element; asChild: true; }' is not assignable to type 'IntrinsicAttributes & Props<unknown>'.
  Property 'asChild' does not exist on type 'IntrinsicAttributes & Props<unknown>'.
Failed to type check.

error: script "build" exited with code 1
